2026-07-12 17:22: Experiment log path in: C:\Users\samar\traffic-flow-predicition\AHF-STGCN\experiments\METRLA\20260712172221
2026-07-12 17:22: Train Epoch 1: 0/374 Loss: 56.836723
2026-07-12 17:23: Train Epoch 1: 20/374 Loss: 13.980678
2026-07-12 17:24: Train Epoch 1: 40/374 Loss: 10.668654
2026-07-12 17:24: Train Epoch 1: 60/374 Loss: 10.954758
2026-07-12 17:25: Train Epoch 1: 80/374 Loss: 10.361586
2026-07-12 17:26: Train Epoch 1: 100/374 Loss: 7.891065
2026-07-12 17:26: Train Epoch 1: 120/374 Loss: 5.487203
2026-07-12 17:27: Train Epoch 1: 140/374 Loss: 6.762913
2026-07-12 17:28: Train Epoch 1: 160/374 Loss: 5.663042
2026-07-12 17:29: Train Epoch 1: 180/374 Loss: 6.274849
2026-07-12 17:29: Train Epoch 1: 200/374 Loss: 5.765098
2026-07-12 17:30: Train Epoch 1: 220/374 Loss: 4.824018
2026-07-12 17:31: Train Epoch 1: 240/374 Loss: 5.694923
2026-07-12 17:31: Train Epoch 1: 260/374 Loss: 4.265170
2026-07-12 17:32: Train Epoch 1: 280/374 Loss: 5.348516
2026-07-12 17:33: Train Epoch 1: 300/374 Loss: 4.270634
2026-07-12 17:33: Train Epoch 1: 320/374 Loss: 4.354787
2026-07-12 17:34: Train Epoch 1: 340/374 Loss: 4.759336
2026-07-12 17:35: Train Epoch 1: 360/374 Loss: 5.397702
2026-07-12 17:35: **********Train Epoch 1: averaged Loss: 8.103750, tf_ratio: 1.000000
2026-07-12 17:36: **********Val Epoch 1: average Loss: 4.983973
2026-07-12 17:36: *********************************Current best model saved!
2026-07-12 17:36: Train Epoch 2: 0/374 Loss: 4.643518
2026-07-12 17:37: Train Epoch 2: 20/374 Loss: 3.854782
2026-07-12 17:38: Train Epoch 2: 40/374 Loss: 5.693917
2026-07-12 17:39: Train Epoch 2: 60/374 Loss: 4.321940
2026-07-12 17:40: Train Epoch 2: 80/374 Loss: 5.025768
2026-07-12 17:41: Train Epoch 2: 100/374 Loss: 4.549732
2026-07-12 17:42: Train Epoch 2: 120/374 Loss: 4.935242
2026-07-12 17:44: Train Epoch 2: 140/374 Loss: 4.244874
2026-07-12 17:45: Train Epoch 2: 160/374 Loss: 3.851408
2026-07-12 17:46: Train Epoch 2: 180/374 Loss: 4.689031
2026-07-12 17:47: Train Epoch 2: 200/374 Loss: 6.001540
2026-07-12 17:48: Train Epoch 2: 220/374 Loss: 6.463482
2026-07-12 17:50: Train Epoch 2: 240/374 Loss: 6.464772
2026-07-12 17:51: Train Epoch 2: 260/374 Loss: 3.974838
2026-07-12 17:51: Train Epoch 2: 280/374 Loss: 4.502501
2026-07-12 17:52: Train Epoch 2: 300/374 Loss: 3.802709
2026-07-12 17:53: Train Epoch 2: 320/374 Loss: 5.861110
2026-07-12 17:54: Train Epoch 2: 340/374 Loss: 5.693715
2026-07-12 17:55: Train Epoch 2: 360/374 Loss: 4.102195
2026-07-12 17:56: **********Train Epoch 2: averaged Loss: 4.756258, tf_ratio: 1.000000
2026-07-12 17:57: **********Val Epoch 2: average Loss: 4.748324
2026-07-12 17:57: *********************************Current best model saved!
2026-07-12 17:57: Train Epoch 3: 0/374 Loss: 4.294341
2026-07-12 17:58: Train Epoch 3: 20/374 Loss: 5.446374
2026-07-12 18:00: Train Epoch 3: 40/374 Loss: 5.204877
2026-07-12 18:01: Train Epoch 3: 60/374 Loss: 5.855824
2026-07-12 18:02: Train Epoch 3: 80/374 Loss: 5.369282
2026-07-12 18:04: Train Epoch 3: 100/374 Loss: 4.309253
2026-07-12 18:05: Train Epoch 3: 120/374 Loss: 4.481115
2026-07-12 18:07: Train Epoch 3: 140/374 Loss: 5.139685
2026-07-12 18:08: Train Epoch 3: 160/374 Loss: 4.097521
2026-07-12 18:10: Train Epoch 3: 180/374 Loss: 4.311697
2026-07-12 18:11: Train Epoch 3: 200/374 Loss: 4.299953
2026-07-12 18:12: Train Epoch 3: 220/374 Loss: 6.088435
2026-07-12 18:14: Train Epoch 3: 240/374 Loss: 4.496785
2026-07-12 18:15: Train Epoch 3: 260/374 Loss: 4.157987
2026-07-12 18:17: Train Epoch 3: 280/374 Loss: 3.976542
2026-07-12 18:18: Train Epoch 3: 300/374 Loss: 5.235460
2026-07-12 18:20: Train Epoch 3: 320/374 Loss: 4.758119
2026-07-12 18:22: Train Epoch 3: 340/374 Loss: 4.436851
2026-07-12 18:24: Train Epoch 3: 360/374 Loss: 3.782312
2026-07-12 18:25: **********Train Epoch 3: averaged Loss: 4.702771, tf_ratio: 1.000000
2026-07-12 18:26: **********Val Epoch 3: average Loss: 4.814657
2026-07-12 18:26: Train Epoch 4: 0/374 Loss: 4.651356
2026-07-12 18:28: Train Epoch 4: 20/374 Loss: 5.148524
2026-07-12 18:30: Train Epoch 4: 40/374 Loss: 4.281627
2026-07-12 18:32: Train Epoch 4: 60/374 Loss: 4.302314
2026-07-12 18:34: Train Epoch 4: 80/374 Loss: 5.301446
2026-07-12 18:35: Train Epoch 4: 100/374 Loss: 5.383033
2026-07-12 18:37: Train Epoch 4: 120/374 Loss: 3.985705
2026-07-12 18:39: Train Epoch 4: 140/374 Loss: 4.702799
2026-07-12 18:40: Train Epoch 4: 160/374 Loss: 5.777090
2026-07-12 18:42: Train Epoch 4: 180/374 Loss: 5.894947
2026-07-12 18:43: Train Epoch 4: 200/374 Loss: 5.228882
2026-07-12 18:45: Train Epoch 4: 220/374 Loss: 6.283363
2026-07-12 18:47: Train Epoch 4: 240/374 Loss: 9.513706
2026-07-12 18:48: Train Epoch 4: 260/374 Loss: 10.494656
2026-07-12 18:49: Train Epoch 4: 280/374 Loss: 10.079896
2026-07-12 18:51: Train Epoch 4: 300/374 Loss: 8.865336
2026-07-12 18:52: Train Epoch 4: 320/374 Loss: 8.731834
2026-07-12 18:54: Train Epoch 4: 340/374 Loss: 7.377852
2026-07-12 18:55: Train Epoch 4: 360/374 Loss: 8.481157
2026-07-12 18:57: **********Train Epoch 4: averaged Loss: 6.717845, tf_ratio: 1.000000
2026-07-12 18:58: **********Val Epoch 4: average Loss: 8.094931
2026-07-12 18:58: Train Epoch 5: 0/374 Loss: 7.649854
2026-07-12 19:00: Train Epoch 5: 20/374 Loss: 7.672591
2026-07-12 19:02: Train Epoch 5: 40/374 Loss: 6.994575
2026-07-12 19:05: Train Epoch 5: 60/374 Loss: 8.042481
2026-07-12 19:08: Train Epoch 5: 80/374 Loss: 6.356587
2026-07-12 19:11: Train Epoch 5: 100/374 Loss: 8.359207
2026-07-12 19:15: Train Epoch 5: 120/374 Loss: 4.790832
2026-07-12 19:19: Train Epoch 5: 140/374 Loss: 4.271145
2026-07-12 19:23: Train Epoch 5: 160/374 Loss: 3.622502
2026-07-12 19:26: Train Epoch 5: 180/374 Loss: 4.508385
2026-07-12 19:30: Train Epoch 5: 200/374 Loss: 3.994596
2026-07-12 19:33: Train Epoch 5: 220/374 Loss: 5.302948
2026-07-12 19:41: Train Epoch 5: 240/374 Loss: 5.111670
2026-07-12 19:44: Train Epoch 5: 260/374 Loss: 4.910986
2026-07-12 19:46: Train Epoch 5: 280/374 Loss: 4.600031
2026-07-12 19:49: Train Epoch 5: 300/374 Loss: 5.344212
2026-07-12 19:51: Train Epoch 5: 320/374 Loss: 5.675139
2026-07-12 19:53: Train Epoch 5: 340/374 Loss: 6.502172
2026-07-12 19:56: Train Epoch 5: 360/374 Loss: 6.652141
2026-07-12 19:57: **********Train Epoch 5: averaged Loss: 5.723452, tf_ratio: 1.000000
2026-07-12 19:59: **********Val Epoch 5: average Loss: 5.371912
2026-07-12 19:59: Train Epoch 6: 0/374 Loss: 4.515763
2026-07-12 20:03: Train Epoch 6: 20/374 Loss: 4.965671
2026-07-12 20:07: Train Epoch 6: 40/374 Loss: 4.784122
2026-07-12 20:10: Train Epoch 6: 60/374 Loss: 6.103631
2026-07-12 20:14: Train Epoch 6: 80/374 Loss: 6.182994
2026-07-12 20:18: Train Epoch 6: 100/374 Loss: 4.025483
2026-07-12 20:23: Train Epoch 6: 120/374 Loss: 5.726381
2026-07-12 20:27: Train Epoch 6: 140/374 Loss: 4.559431
2026-07-12 20:30: Train Epoch 6: 160/374 Loss: 3.920014
2026-07-12 20:34: Train Epoch 6: 180/374 Loss: 6.443865
2026-07-12 20:38: Train Epoch 6: 200/374 Loss: 4.921176
2026-07-12 20:42: Train Epoch 6: 220/374 Loss: 4.867555
2026-07-12 20:46: Train Epoch 6: 240/374 Loss: 4.662472
2026-07-12 20:49: Train Epoch 6: 260/374 Loss: 4.951947
2026-07-12 21:01: Train Epoch 6: 280/374 Loss: 5.362617
2026-07-12 21:04: Train Epoch 6: 300/374 Loss: 9.898130
2026-07-12 21:06: Train Epoch 6: 320/374 Loss: 8.196355
2026-07-12 21:09: Train Epoch 6: 340/374 Loss: 8.682496
2026-07-12 21:11: Train Epoch 6: 360/374 Loss: 8.431374
2026-07-12 21:13: **********Train Epoch 6: averaged Loss: 6.160918, tf_ratio: 1.000000
2026-07-12 21:15: **********Val Epoch 6: average Loss: 9.443120
2026-07-12 21:15: Train Epoch 7: 0/374 Loss: 9.882251
2026-07-12 21:17: Train Epoch 7: 20/374 Loss: 10.789145
2026-07-12 21:20: Train Epoch 7: 40/374 Loss: 8.939528
