2026-07-18 09:31: Experiment log path in: C:\Users\samar\traffic-flow-predicition\AHF-STGCN\experiments\METRLA\20260718093150
2026-07-18 09:31: Train Epoch 1: 0/374 Loss: 1.174751
2026-07-18 09:32: Train Epoch 1: 20/374 Loss: 0.560853
2026-07-18 09:33: Train Epoch 1: 40/374 Loss: 0.532765
2026-07-18 09:34: Train Epoch 1: 60/374 Loss: 0.507366
2026-07-18 09:35: Train Epoch 1: 80/374 Loss: 0.411002
2026-07-18 09:36: Train Epoch 1: 100/374 Loss: 0.476452
2026-07-18 09:36: Train Epoch 1: 120/374 Loss: 0.435504
2026-07-18 09:37: Train Epoch 1: 140/374 Loss: 0.434041
2026-07-18 09:38: Train Epoch 1: 160/374 Loss: 0.475532
2026-07-18 09:39: Train Epoch 1: 180/374 Loss: 0.382561
2026-07-18 09:40: Train Epoch 1: 200/374 Loss: 0.482567
2026-07-18 09:41: Train Epoch 1: 220/374 Loss: 0.469619
2026-07-18 09:42: Train Epoch 1: 240/374 Loss: 0.447933
2026-07-18 09:43: Train Epoch 1: 260/374 Loss: 0.457369
2026-07-18 09:44: Train Epoch 1: 280/374 Loss: 0.496208
2026-07-18 09:45: Train Epoch 1: 300/374 Loss: 0.448127
2026-07-18 09:46: Train Epoch 1: 320/374 Loss: 0.519265
2026-07-18 09:47: Train Epoch 1: 340/374 Loss: 0.447356
2026-07-18 09:48: Train Epoch 1: 360/374 Loss: 0.394445
2026-07-18 09:48: **********Train Epoch 1: averaged Loss: 0.479017, tf_ratio: 1.000000
2026-07-18 09:49: **********Val Epoch 1: average Loss: 0.455335
2026-07-18 09:49: *********************************Current best model saved!
2026-07-18 09:49: Train Epoch 2: 0/374 Loss: 0.437114
2026-07-18 09:50: Train Epoch 2: 20/374 Loss: 0.450071
2026-07-18 09:51: Train Epoch 2: 40/374 Loss: 0.392648
2026-07-18 09:52: Train Epoch 2: 60/374 Loss: 0.414099
2026-07-18 09:52: Train Epoch 2: 80/374 Loss: 0.433791
2026-07-18 09:53: Train Epoch 2: 100/374 Loss: 0.453098
2026-07-18 09:54: Train Epoch 2: 120/374 Loss: 0.558123
2026-07-18 09:55: Train Epoch 2: 140/374 Loss: 0.513503
2026-07-18 09:56: Train Epoch 2: 160/374 Loss: 0.340299
2026-07-18 09:57: Train Epoch 2: 180/374 Loss: 0.294754
2026-07-18 09:58: Train Epoch 2: 200/374 Loss: 0.319249
2026-07-18 09:59: Train Epoch 2: 220/374 Loss: 0.256835
2026-07-18 10:00: Train Epoch 2: 240/374 Loss: 0.245197
2026-07-18 10:01: Train Epoch 2: 260/374 Loss: 0.280398
2026-07-18 10:02: Train Epoch 2: 280/374 Loss: 0.284705
2026-07-18 10:03: Train Epoch 2: 300/374 Loss: 0.219111
2026-07-18 10:04: Train Epoch 2: 320/374 Loss: 0.286538
2026-07-18 10:05: Train Epoch 2: 340/374 Loss: 0.217290
2026-07-18 10:06: Train Epoch 2: 360/374 Loss: 0.272406
2026-07-18 10:07: **********Train Epoch 2: averaged Loss: 0.343463, tf_ratio: 1.000000
2026-07-18 10:08: **********Val Epoch 2: average Loss: 0.234452
2026-07-18 10:08: *********************************Current best model saved!
2026-07-18 10:08: Train Epoch 3: 0/374 Loss: 0.265928
2026-07-18 10:09: Train Epoch 3: 20/374 Loss: 0.333369
2026-07-18 10:10: Train Epoch 3: 40/374 Loss: 0.183055
2026-07-18 10:11: Train Epoch 3: 60/374 Loss: 0.280132
2026-07-18 10:12: Train Epoch 3: 80/374 Loss: 0.216305
2026-07-18 10:13: Train Epoch 3: 100/374 Loss: 0.243013
2026-07-18 10:14: Train Epoch 3: 120/374 Loss: 0.223460
2026-07-18 10:15: Train Epoch 3: 140/374 Loss: 0.191344
2026-07-18 10:16: Train Epoch 3: 160/374 Loss: 0.222623
2026-07-18 10:17: Train Epoch 3: 180/374 Loss: 0.219144
2026-07-18 10:18: Train Epoch 3: 200/374 Loss: 0.196463
2026-07-18 10:19: Train Epoch 3: 220/374 Loss: 0.246026
2026-07-18 10:21: Train Epoch 3: 240/374 Loss: 0.242952
2026-07-18 10:22: Train Epoch 3: 260/374 Loss: 0.185216
2026-07-18 10:23: Train Epoch 3: 280/374 Loss: 0.256545
2026-07-18 10:25: Train Epoch 3: 300/374 Loss: 0.202277
2026-07-18 10:26: Train Epoch 3: 320/374 Loss: 0.209560
2026-07-18 10:27: Train Epoch 3: 340/374 Loss: 0.211555
2026-07-18 10:28: Train Epoch 3: 360/374 Loss: 0.338846
2026-07-18 10:29: **********Train Epoch 3: averaged Loss: 0.232116, tf_ratio: 1.000000
2026-07-18 10:30: **********Val Epoch 3: average Loss: 0.230268
2026-07-18 10:30: *********************************Current best model saved!
2026-07-18 10:30: Train Epoch 4: 0/374 Loss: 0.205082
2026-07-18 10:32: Train Epoch 4: 20/374 Loss: 0.212446
2026-07-18 10:33: Train Epoch 4: 40/374 Loss: 0.248713
2026-07-18 10:34: Train Epoch 4: 60/374 Loss: 0.191260
2026-07-18 10:36: Train Epoch 4: 80/374 Loss: 0.175969
2026-07-18 10:37: Train Epoch 4: 100/374 Loss: 0.210034
2026-07-18 10:38: Train Epoch 4: 120/374 Loss: 0.239310
2026-07-18 10:39: Train Epoch 4: 140/374 Loss: 0.220444
2026-07-18 10:41: Train Epoch 4: 160/374 Loss: 0.221796
2026-07-18 10:42: Train Epoch 4: 180/374 Loss: 0.216326
2026-07-18 10:44: Train Epoch 4: 200/374 Loss: 0.333488
2026-07-18 10:45: Train Epoch 4: 220/374 Loss: 0.266108
2026-07-18 10:46: Train Epoch 4: 240/374 Loss: 0.242399
2026-07-18 10:47: Train Epoch 4: 260/374 Loss: 0.225680
2026-07-18 10:49: Train Epoch 4: 280/374 Loss: 0.203992
2026-07-18 10:50: Train Epoch 4: 300/374 Loss: 0.183885
2026-07-18 10:52: Train Epoch 4: 320/374 Loss: 0.249720
2026-07-18 10:53: Train Epoch 4: 340/374 Loss: 0.273045
2026-07-18 10:55: Train Epoch 4: 360/374 Loss: 0.216344
2026-07-18 10:56: **********Train Epoch 4: averaged Loss: 0.228959, tf_ratio: 1.000000
2026-07-18 10:57: **********Val Epoch 4: average Loss: 0.228787
2026-07-18 10:57: *********************************Current best model saved!
2026-07-18 10:57: Train Epoch 5: 0/374 Loss: 0.204477
2026-07-18 10:58: Train Epoch 5: 20/374 Loss: 0.235283
2026-07-18 11:00: Train Epoch 5: 40/374 Loss: 0.217296
2026-07-18 11:02: Train Epoch 5: 60/374 Loss: 0.216836
2026-07-18 11:03: Train Epoch 5: 80/374 Loss: 0.206131
2026-07-18 11:05: Train Epoch 5: 100/374 Loss: 0.222491
2026-07-18 11:06: Train Epoch 5: 120/374 Loss: 0.195577
2026-07-18 11:08: Train Epoch 5: 140/374 Loss: 0.298833
2026-07-18 11:09: Train Epoch 5: 160/374 Loss: 0.195880
2026-07-18 11:11: Train Epoch 5: 180/374 Loss: 0.221081
2026-07-18 11:12: Train Epoch 5: 200/374 Loss: 0.269970
2026-07-18 11:14: Train Epoch 5: 220/374 Loss: 0.193558
2026-07-18 11:15: Train Epoch 5: 240/374 Loss: 0.193473
2026-07-18 11:17: Train Epoch 5: 260/374 Loss: 0.260360
2026-07-18 11:18: Train Epoch 5: 280/374 Loss: 0.187605
2026-07-18 11:20: Train Epoch 5: 300/374 Loss: 0.251981
2026-07-18 11:22: Train Epoch 5: 320/374 Loss: 0.180082
2026-07-18 11:23: Train Epoch 5: 340/374 Loss: 0.193887
2026-07-18 11:25: Train Epoch 5: 360/374 Loss: 0.229473
2026-07-18 11:26: **********Train Epoch 5: averaged Loss: 0.228459, tf_ratio: 1.000000
2026-07-18 11:27: **********Val Epoch 5: average Loss: 0.231227
2026-07-18 11:27: Train Epoch 6: 0/374 Loss: 0.178442
2026-07-18 11:28: Train Epoch 6: 20/374 Loss: 0.241358
2026-07-18 11:30: Train Epoch 6: 40/374 Loss: 0.253446
2026-07-18 11:31: Train Epoch 6: 60/374 Loss: 0.221838
2026-07-18 11:33: Train Epoch 6: 80/374 Loss: 0.238732
2026-07-18 11:34: Train Epoch 6: 100/374 Loss: 0.230624
2026-07-18 11:36: Train Epoch 6: 120/374 Loss: 0.251550
2026-07-18 11:37: Train Epoch 6: 140/374 Loss: 0.225009
2026-07-18 11:39: Train Epoch 6: 160/374 Loss: 0.234873
2026-07-18 11:40: Train Epoch 6: 180/374 Loss: 0.238373
2026-07-18 11:42: Train Epoch 6: 200/374 Loss: 0.292218
2026-07-18 11:43: Train Epoch 6: 220/374 Loss: 0.214276
2026-07-18 11:45: Train Epoch 6: 240/374 Loss: 0.225866
2026-07-18 11:46: Train Epoch 6: 260/374 Loss: 0.300072
2026-07-18 11:48: Train Epoch 6: 280/374 Loss: 0.209274
2026-07-18 11:49: Train Epoch 6: 300/374 Loss: 0.203056
2026-07-18 11:51: Train Epoch 6: 320/374 Loss: 0.230479
2026-07-18 11:53: Train Epoch 6: 340/374 Loss: 0.268156
2026-07-18 11:54: Train Epoch 6: 360/374 Loss: 0.221245
2026-07-18 11:56: **********Train Epoch 6: averaged Loss: 0.225226, tf_ratio: 1.000000
2026-07-18 11:57: **********Val Epoch 6: average Loss: 0.226472
2026-07-18 11:57: *********************************Current best model saved!
2026-07-18 11:57: Train Epoch 7: 0/374 Loss: 0.214580
2026-07-18 11:58: Train Epoch 7: 20/374 Loss: 0.212541
2026-07-18 12:00: Train Epoch 7: 40/374 Loss: 0.217689
2026-07-18 12:01: Train Epoch 7: 60/374 Loss: 0.304554
2026-07-18 12:03: Train Epoch 7: 80/374 Loss: 0.334914
2026-07-18 12:05: Train Epoch 7: 100/374 Loss: 0.294113
2026-07-18 12:06: Train Epoch 7: 120/374 Loss: 0.198690
2026-07-18 12:08: Train Epoch 7: 140/374 Loss: 0.247444
2026-07-18 12:10: Train Epoch 7: 160/374 Loss: 0.236643
2026-07-18 12:11: Train Epoch 7: 180/374 Loss: 0.190164
2026-07-18 12:13: Train Epoch 7: 200/374 Loss: 0.225747
2026-07-18 12:14: Train Epoch 7: 220/374 Loss: 0.220213
2026-07-18 12:16: Train Epoch 7: 240/374 Loss: 0.218731
2026-07-18 19:02: Train Epoch 7: 260/374 Loss: 0.240227
2026-07-18 19:04: Train Epoch 7: 280/374 Loss: 0.204120
2026-07-18 19:05: Train Epoch 7: 300/374 Loss: 0.253538
2026-07-18 19:06: Train Epoch 7: 320/374 Loss: 0.257799
2026-07-18 19:07: Train Epoch 7: 340/374 Loss: 0.205915
2026-07-18 19:09: Train Epoch 7: 360/374 Loss: 0.292022
2026-07-18 19:09: **********Train Epoch 7: averaged Loss: 0.224725, tf_ratio: 1.000000
2026-07-18 19:10: **********Val Epoch 7: average Loss: 0.226371
2026-07-18 19:10: *********************************Current best model saved!
2026-07-18 19:10: Train Epoch 8: 0/374 Loss: 0.170450
2026-07-18 19:12: Train Epoch 8: 20/374 Loss: 0.178847
2026-07-18 19:13: Train Epoch 8: 40/374 Loss: 0.206927
2026-07-18 19:14: Train Epoch 8: 60/374 Loss: 0.221083
2026-07-18 19:16: Train Epoch 8: 80/374 Loss: 0.219173
2026-07-18 19:17: Train Epoch 8: 100/374 Loss: 0.192616
2026-07-18 19:18: Train Epoch 8: 120/374 Loss: 0.168012
2026-07-18 19:19: Train Epoch 8: 140/374 Loss: 0.205168
2026-07-18 19:21: Train Epoch 8: 160/374 Loss: 0.223772
2026-07-18 19:22: Train Epoch 8: 180/374 Loss: 0.250409
2026-07-18 19:23: Train Epoch 8: 200/374 Loss: 0.155954
2026-07-18 19:24: Train Epoch 8: 220/374 Loss: 0.180277
2026-07-18 19:26: Train Epoch 8: 240/374 Loss: 0.220694
2026-07-18 19:27: Train Epoch 8: 260/374 Loss: 0.216992
2026-07-18 19:28: Train Epoch 8: 280/374 Loss: 0.226907
2026-07-18 19:29: Train Epoch 8: 300/374 Loss: 0.227132
2026-07-18 19:31: Train Epoch 8: 320/374 Loss: 0.212437
2026-07-18 19:32: Train Epoch 8: 340/374 Loss: 0.237626
2026-07-18 19:34: Train Epoch 8: 360/374 Loss: 0.256617
2026-07-18 19:35: **********Train Epoch 8: averaged Loss: 0.224246, tf_ratio: 1.000000
2026-07-18 19:36: **********Val Epoch 8: average Loss: 0.225537
2026-07-18 19:36: *********************************Current best model saved!
2026-07-18 19:36: Train Epoch 9: 0/374 Loss: 0.232282
2026-07-18 19:38: Train Epoch 9: 20/374 Loss: 0.275891
2026-07-18 19:40: Train Epoch 9: 40/374 Loss: 0.214509
2026-07-18 19:42: Train Epoch 9: 60/374 Loss: 0.182428
2026-07-18 19:43: Train Epoch 9: 80/374 Loss: 0.210547
2026-07-18 19:45: Train Epoch 9: 100/374 Loss: 0.197125
2026-07-18 19:47: Train Epoch 9: 120/374 Loss: 0.210565
2026-07-18 19:48: Train Epoch 9: 140/374 Loss: 0.245065
2026-07-18 19:50: Train Epoch 9: 160/374 Loss: 0.207281
2026-07-18 19:52: Train Epoch 9: 180/374 Loss: 0.245538
2026-07-18 19:53: Train Epoch 9: 200/374 Loss: 0.199108
2026-07-18 19:55: Train Epoch 9: 220/374 Loss: 0.185219
2026-07-18 19:57: Train Epoch 9: 240/374 Loss: 0.215820
2026-07-18 19:59: Train Epoch 9: 260/374 Loss: 0.190987
2026-07-18 20:00: Train Epoch 9: 280/374 Loss: 0.293756
2026-07-18 20:02: Train Epoch 9: 300/374 Loss: 0.216424
2026-07-18 20:04: Train Epoch 9: 320/374 Loss: 0.200097
2026-07-18 20:05: Train Epoch 9: 340/374 Loss: 0.250198
2026-07-18 20:07: Train Epoch 9: 360/374 Loss: 0.217049
2026-07-18 20:08: **********Train Epoch 9: averaged Loss: 0.223894, tf_ratio: 1.000000
2026-07-18 20:10: **********Val Epoch 9: average Loss: 0.225439
2026-07-18 20:10: *********************************Current best model saved!
2026-07-18 20:10: Train Epoch 10: 0/374 Loss: 0.193776
2026-07-18 20:11: Train Epoch 10: 20/374 Loss: 0.217562
2026-07-18 20:13: Train Epoch 10: 40/374 Loss: 0.249637
2026-07-18 20:15: Train Epoch 10: 60/374 Loss: 0.206896
2026-07-18 20:16: Train Epoch 10: 80/374 Loss: 0.247759
2026-07-18 20:18: Train Epoch 10: 100/374 Loss: 0.211439
2026-07-18 20:20: Train Epoch 10: 120/374 Loss: 0.186113
2026-07-18 20:21: Train Epoch 10: 140/374 Loss: 0.190151
2026-07-18 20:23: Train Epoch 10: 160/374 Loss: 0.234664
2026-07-18 20:25: Train Epoch 10: 180/374 Loss: 0.187080
2026-07-18 20:26: Train Epoch 10: 200/374 Loss: 0.205618
2026-07-18 20:28: Train Epoch 10: 220/374 Loss: 0.203903
2026-07-18 20:29: Train Epoch 10: 240/374 Loss: 0.280410
2026-07-18 20:30: Train Epoch 10: 260/374 Loss: 0.191235
2026-07-18 20:32: Train Epoch 10: 280/374 Loss: 0.259815
2026-07-18 20:34: Train Epoch 10: 300/374 Loss: 0.169788
2026-07-18 20:35: Train Epoch 10: 320/374 Loss: 0.274035
2026-07-18 20:37: Train Epoch 10: 340/374 Loss: 0.253929
2026-07-18 20:39: Train Epoch 10: 360/374 Loss: 0.187755
2026-07-18 20:40: **********Train Epoch 10: averaged Loss: 0.223991, tf_ratio: 1.000000
2026-07-18 20:41: **********Val Epoch 10: average Loss: 0.225253
2026-07-18 20:41: *********************************Current best model saved!
2026-07-18 20:41: Train Epoch 11: 0/374 Loss: 0.269833
2026-07-18 20:43: Train Epoch 11: 20/374 Loss: 0.271710
2026-07-18 20:45: Train Epoch 11: 40/374 Loss: 0.203741
2026-07-18 20:46: Train Epoch 11: 60/374 Loss: 0.175858
2026-07-18 20:48: Train Epoch 11: 80/374 Loss: 0.273744
2026-07-18 20:50: Train Epoch 11: 100/374 Loss: 0.268346
2026-07-18 20:52: Train Epoch 11: 120/374 Loss: 0.309939
2026-07-18 20:53: Train Epoch 11: 140/374 Loss: 0.217039
2026-07-18 20:55: Train Epoch 11: 160/374 Loss: 0.242113
2026-07-18 20:57: Train Epoch 11: 180/374 Loss: 0.226962
2026-07-18 20:59: Train Epoch 11: 200/374 Loss: 0.205540
2026-07-18 21:00: Train Epoch 11: 220/374 Loss: 0.241655
2026-07-18 21:02: Train Epoch 11: 240/374 Loss: 0.220932
2026-07-18 21:04: Train Epoch 11: 260/374 Loss: 0.242548
2026-07-18 21:05: Train Epoch 11: 280/374 Loss: 0.279560
2026-07-18 21:07: Train Epoch 11: 300/374 Loss: 0.190359
2026-07-18 21:09: Train Epoch 11: 320/374 Loss: 0.251221
2026-07-18 21:10: Train Epoch 11: 340/374 Loss: 0.240132
2026-07-18 21:12: Train Epoch 11: 360/374 Loss: 0.182438
2026-07-18 21:13: **********Train Epoch 11: averaged Loss: 0.223887, tf_ratio: 1.000000
2026-07-18 21:14: **********Val Epoch 11: average Loss: 0.225104
2026-07-18 21:14: *********************************Current best model saved!
2026-07-18 21:14: Train Epoch 12: 0/374 Loss: 0.204781
2026-07-18 21:16: Train Epoch 12: 20/374 Loss: 0.217094
2026-07-18 21:17: Train Epoch 12: 40/374 Loss: 0.227080
2026-07-18 21:19: Train Epoch 12: 60/374 Loss: 0.265540
2026-07-18 21:21: Train Epoch 12: 80/374 Loss: 0.252183
2026-07-18 21:22: Train Epoch 12: 100/374 Loss: 0.202491
2026-07-18 21:24: Train Epoch 12: 120/374 Loss: 0.207570
2026-07-18 21:25: Train Epoch 12: 140/374 Loss: 0.281744
2026-07-18 21:28: Train Epoch 12: 160/374 Loss: 0.329070
2026-07-18 21:29: Train Epoch 12: 180/374 Loss: 0.213184
2026-07-18 21:31: Train Epoch 12: 200/374 Loss: 0.208924
2026-07-18 21:32: Train Epoch 12: 220/374 Loss: 0.164463
2026-07-18 21:34: Train Epoch 12: 240/374 Loss: 0.217701
2026-07-18 21:35: Train Epoch 12: 260/374 Loss: 0.226866
2026-07-18 21:37: Train Epoch 12: 280/374 Loss: 0.194482
2026-07-18 21:38: Train Epoch 12: 300/374 Loss: 0.248918
2026-07-18 21:39: Train Epoch 12: 320/374 Loss: 0.202346
2026-07-18 21:41: Train Epoch 12: 340/374 Loss: 0.218941
2026-07-18 21:42: Train Epoch 12: 360/374 Loss: 0.265291
2026-07-18 21:43: **********Train Epoch 12: averaged Loss: 0.223655, tf_ratio: 1.000000
2026-07-18 21:44: **********Val Epoch 12: average Loss: 0.225402
2026-07-18 21:44: Train Epoch 13: 0/374 Loss: 0.188392
2026-07-18 21:45: Train Epoch 13: 20/374 Loss: 0.238435
2026-07-18 21:47: Train Epoch 13: 40/374 Loss: 0.246077
2026-07-18 21:48: Train Epoch 13: 60/374 Loss: 0.236667
2026-07-18 21:50: Train Epoch 13: 80/374 Loss: 0.177771
2026-07-18 21:51: Train Epoch 13: 100/374 Loss: 0.239838
2026-07-18 21:52: Train Epoch 13: 120/374 Loss: 0.233792
2026-07-18 21:54: Train Epoch 13: 140/374 Loss: 0.202139
2026-07-18 21:55: Train Epoch 13: 160/374 Loss: 0.260179
2026-07-18 21:57: Train Epoch 13: 180/374 Loss: 0.261850
2026-07-18 21:58: Train Epoch 13: 200/374 Loss: 0.280945
2026-07-18 22:00: Train Epoch 13: 220/374 Loss: 0.242286
2026-07-18 22:01: Train Epoch 13: 240/374 Loss: 0.230026
2026-07-18 22:02: Train Epoch 13: 260/374 Loss: 0.247530
2026-07-18 22:04: Train Epoch 13: 280/374 Loss: 0.170171
2026-07-18 22:05: Train Epoch 13: 300/374 Loss: 0.251982
2026-07-18 22:06: Train Epoch 13: 320/374 Loss: 0.232165
2026-07-18 22:08: Train Epoch 13: 340/374 Loss: 0.225074
2026-07-18 22:09: Train Epoch 13: 360/374 Loss: 0.223409
2026-07-18 22:10: **********Train Epoch 13: averaged Loss: 0.223396, tf_ratio: 1.000000
2026-07-18 22:11: **********Val Epoch 13: average Loss: 0.225441
2026-07-18 22:11: Train Epoch 14: 0/374 Loss: 0.181946
2026-07-18 22:12: Train Epoch 14: 20/374 Loss: 0.281103
2026-07-18 22:14: Train Epoch 14: 40/374 Loss: 0.244168
2026-07-18 22:15: Train Epoch 14: 60/374 Loss: 0.215842
2026-07-18 22:16: Train Epoch 14: 80/374 Loss: 0.193597
2026-07-18 22:18: Train Epoch 14: 100/374 Loss: 0.259803
2026-07-18 22:19: Train Epoch 14: 120/374 Loss: 0.202644
2026-07-18 22:20: Train Epoch 14: 140/374 Loss: 0.188788
2026-07-18 22:21: Train Epoch 14: 160/374 Loss: 0.223925
2026-07-18 22:23: Train Epoch 14: 180/374 Loss: 0.226555
2026-07-18 22:24: Train Epoch 14: 200/374 Loss: 0.204984
2026-07-18 22:25: Train Epoch 14: 220/374 Loss: 0.273766
2026-07-18 22:27: Train Epoch 14: 240/374 Loss: 0.199758
2026-07-18 22:28: Train Epoch 14: 260/374 Loss: 0.208207
2026-07-18 22:30: Train Epoch 14: 280/374 Loss: 0.226228
2026-07-18 22:31: Train Epoch 14: 300/374 Loss: 0.220757
2026-07-18 22:32: Train Epoch 14: 320/374 Loss: 0.201769
2026-07-18 22:34: Train Epoch 14: 340/374 Loss: 0.178555
2026-07-18 22:35: Train Epoch 14: 360/374 Loss: 0.197886
2026-07-18 22:36: **********Train Epoch 14: averaged Loss: 0.223164, tf_ratio: 1.000000
2026-07-18 22:37: **********Val Epoch 14: average Loss: 0.224123
2026-07-18 22:37: *********************************Current best model saved!
2026-07-18 22:37: Train Epoch 15: 0/374 Loss: 0.193817
2026-07-18 22:38: Train Epoch 15: 20/374 Loss: 0.252276
2026-07-18 22:40: Train Epoch 15: 40/374 Loss: 0.247267
2026-07-18 22:41: Train Epoch 15: 60/374 Loss: 0.198439
2026-07-18 22:43: Train Epoch 15: 80/374 Loss: 0.201648
2026-07-18 22:44: Train Epoch 15: 100/374 Loss: 0.267417
2026-07-18 22:45: Train Epoch 15: 120/374 Loss: 0.203971
2026-07-18 22:47: Train Epoch 15: 140/374 Loss: 0.246654
2026-07-18 22:48: Train Epoch 15: 160/374 Loss: 0.346222
2026-07-18 22:50: Train Epoch 15: 180/374 Loss: 0.217819
2026-07-18 22:51: Train Epoch 15: 200/374 Loss: 0.189583
2026-07-18 22:52: Train Epoch 15: 220/374 Loss: 0.206399
2026-07-18 22:54: Train Epoch 15: 240/374 Loss: 0.194229
2026-07-18 22:55: Train Epoch 15: 260/374 Loss: 0.199951
2026-07-18 22:57: Train Epoch 15: 280/374 Loss: 0.181078
2026-07-18 22:58: Train Epoch 15: 300/374 Loss: 0.209458
2026-07-18 22:59: Train Epoch 15: 320/374 Loss: 0.216954
2026-07-18 23:01: Train Epoch 15: 340/374 Loss: 0.226390
2026-07-18 23:02: Train Epoch 15: 360/374 Loss: 0.223587
2026-07-18 23:03: **********Train Epoch 15: averaged Loss: 0.223080, tf_ratio: 1.000000
2026-07-18 23:04: **********Val Epoch 15: average Loss: 0.228470
2026-07-18 23:04: Train Epoch 16: 0/374 Loss: 0.221566
2026-07-18 23:06: Train Epoch 16: 20/374 Loss: 0.210051
2026-07-18 23:07: Train Epoch 16: 40/374 Loss: 0.219220
2026-07-18 23:09: Train Epoch 16: 60/374 Loss: 0.285837
2026-07-18 23:10: Train Epoch 16: 80/374 Loss: 0.185557
2026-07-18 23:12: Train Epoch 16: 100/374 Loss: 0.173547
2026-07-18 23:13: Train Epoch 16: 120/374 Loss: 0.249157
2026-07-18 23:15: Train Epoch 16: 140/374 Loss: 0.239147
2026-07-18 23:16: Train Epoch 16: 160/374 Loss: 0.183456
2026-07-18 23:18: Train Epoch 16: 180/374 Loss: 0.180258
2026-07-18 23:19: Train Epoch 16: 200/374 Loss: 0.251393
2026-07-18 23:21: Train Epoch 16: 220/374 Loss: 0.218002
2026-07-18 23:22: Train Epoch 16: 240/374 Loss: 0.244823
2026-07-18 23:24: Train Epoch 16: 260/374 Loss: 0.181330
2026-07-18 23:25: Train Epoch 16: 280/374 Loss: 0.228798
2026-07-18 23:27: Train Epoch 16: 300/374 Loss: 0.215256
2026-07-18 23:28: Train Epoch 16: 320/374 Loss: 0.262823
2026-07-18 23:30: Train Epoch 16: 340/374 Loss: 0.224431
2026-07-18 23:31: Train Epoch 16: 360/374 Loss: 0.177471
2026-07-18 23:32: **********Train Epoch 16: averaged Loss: 0.223525, tf_ratio: 1.000000
2026-07-18 23:33: **********Val Epoch 16: average Loss: 0.224739
2026-07-18 23:33: Train Epoch 17: 0/374 Loss: 0.196564
2026-07-18 23:35: Train Epoch 17: 20/374 Loss: 0.205027
2026-07-18 23:36: Train Epoch 17: 40/374 Loss: 0.208652
2026-07-18 23:38: Train Epoch 17: 60/374 Loss: 0.273701
2026-07-18 23:39: Train Epoch 17: 80/374 Loss: 0.214173
2026-07-18 23:41: Train Epoch 17: 100/374 Loss: 0.193051
2026-07-18 23:42: Train Epoch 17: 120/374 Loss: 0.231958
2026-07-18 23:43: Train Epoch 17: 140/374 Loss: 0.266541
2026-07-18 23:45: Train Epoch 17: 160/374 Loss: 0.165765
2026-07-18 23:46: Train Epoch 17: 180/374 Loss: 0.272740
2026-07-18 23:48: Train Epoch 17: 200/374 Loss: 0.250226
2026-07-18 23:49: Train Epoch 17: 220/374 Loss: 0.205405
2026-07-18 23:51: Train Epoch 17: 240/374 Loss: 0.196973
2026-07-18 23:52: Train Epoch 17: 260/374 Loss: 0.265036
2026-07-18 23:53: Train Epoch 17: 280/374 Loss: 0.197172
2026-07-18 23:55: Train Epoch 17: 300/374 Loss: 0.180685
2026-07-18 23:56: Train Epoch 17: 320/374 Loss: 0.302361
2026-07-18 23:58: Train Epoch 17: 340/374 Loss: 0.193935
2026-07-18 23:59: Train Epoch 17: 360/374 Loss: 0.184086
2026-07-19 00:00: **********Train Epoch 17: averaged Loss: 0.222846, tf_ratio: 1.000000
2026-07-19 00:01: **********Val Epoch 17: average Loss: 0.225205
2026-07-19 00:01: Train Epoch 18: 0/374 Loss: 0.190043
2026-07-19 00:02: Train Epoch 18: 20/374 Loss: 0.240817
2026-07-19 00:04: Train Epoch 18: 40/374 Loss: 0.297115
2026-07-19 00:05: Train Epoch 18: 60/374 Loss: 0.213423
2026-07-19 00:07: Train Epoch 18: 80/374 Loss: 0.193866
2026-07-19 00:08: Train Epoch 18: 100/374 Loss: 0.179086
2026-07-19 00:10: Train Epoch 18: 120/374 Loss: 0.211702
2026-07-19 00:11: Train Epoch 18: 140/374 Loss: 0.208480
2026-07-19 00:12: Train Epoch 18: 160/374 Loss: 0.255142
2026-07-19 00:14: Train Epoch 18: 180/374 Loss: 0.244129
2026-07-19 00:15: Train Epoch 18: 200/374 Loss: 0.216450
2026-07-19 00:17: Train Epoch 18: 220/374 Loss: 0.232127
2026-07-19 00:18: Train Epoch 18: 240/374 Loss: 0.194880
2026-07-19 00:20: Train Epoch 18: 260/374 Loss: 0.199525
2026-07-19 00:21: Train Epoch 18: 280/374 Loss: 0.250338
2026-07-19 00:22: Train Epoch 18: 300/374 Loss: 0.267736
2026-07-19 00:24: Train Epoch 18: 320/374 Loss: 0.215814
2026-07-19 00:25: Train Epoch 18: 340/374 Loss: 0.211178
2026-07-19 00:26: Train Epoch 18: 360/374 Loss: 0.217471
2026-07-19 00:27: **********Train Epoch 18: averaged Loss: 0.222412, tf_ratio: 1.000000
2026-07-19 00:28: **********Val Epoch 18: average Loss: 0.223945
2026-07-19 00:28: *********************************Current best model saved!
2026-07-19 00:28: Train Epoch 19: 0/374 Loss: 0.203845
2026-07-19 00:30: Train Epoch 19: 20/374 Loss: 0.203788
2026-07-19 00:31: Train Epoch 19: 40/374 Loss: 0.217703
2026-07-19 00:33: Train Epoch 19: 60/374 Loss: 0.297014
2026-07-19 00:34: Train Epoch 19: 80/374 Loss: 0.215334
2026-07-19 00:35: Train Epoch 19: 100/374 Loss: 0.176877
2026-07-19 00:37: Train Epoch 19: 120/374 Loss: 0.189745
2026-07-19 00:38: Train Epoch 19: 140/374 Loss: 0.192948
2026-07-19 00:40: Train Epoch 19: 160/374 Loss: 0.205146
2026-07-19 00:41: Train Epoch 19: 180/374 Loss: 0.215134
2026-07-19 00:42: Train Epoch 19: 200/374 Loss: 0.221646
2026-07-19 00:44: Train Epoch 19: 220/374 Loss: 0.208794
2026-07-19 00:45: Train Epoch 19: 240/374 Loss: 0.275341
2026-07-19 00:46: Train Epoch 19: 260/374 Loss: 0.183256
2026-07-19 00:48: Train Epoch 19: 280/374 Loss: 0.247859
2026-07-19 00:49: Train Epoch 19: 300/374 Loss: 0.238569
2026-07-19 00:51: Train Epoch 19: 320/374 Loss: 0.264103
2026-07-19 00:52: Train Epoch 19: 340/374 Loss: 0.265859
2026-07-19 00:53: Train Epoch 19: 360/374 Loss: 0.220370
2026-07-19 00:54: **********Train Epoch 19: averaged Loss: 0.222158, tf_ratio: 1.000000
2026-07-19 00:55: **********Val Epoch 19: average Loss: 0.224385
2026-07-19 00:55: Train Epoch 20: 0/374 Loss: 0.165958
2026-07-19 00:56: Train Epoch 20: 20/374 Loss: 0.191072
2026-07-19 00:58: Train Epoch 20: 40/374 Loss: 0.169316
2026-07-19 00:59: Train Epoch 20: 60/374 Loss: 0.204186
2026-07-19 01:00: Train Epoch 20: 80/374 Loss: 0.218345
2026-07-19 01:02: Train Epoch 20: 100/374 Loss: 0.252172
2026-07-19 01:03: Train Epoch 20: 120/374 Loss: 0.268168
2026-07-19 01:04: Train Epoch 20: 140/374 Loss: 0.262538
2026-07-19 01:06: Train Epoch 20: 160/374 Loss: 0.212931
2026-07-19 01:08: Train Epoch 20: 180/374 Loss: 0.262737
2026-07-19 01:11: Train Epoch 20: 200/374 Loss: 0.164352
2026-07-19 01:14: Train Epoch 20: 220/374 Loss: 0.262584
2026-07-19 01:17: Train Epoch 20: 240/374 Loss: 0.218414
2026-07-19 01:20: Train Epoch 20: 260/374 Loss: 0.349771
2026-07-19 01:23: Train Epoch 20: 280/374 Loss: 0.193940
2026-07-19 01:26: Train Epoch 20: 300/374 Loss: 0.207012
2026-07-19 01:29: Train Epoch 20: 320/374 Loss: 0.301557
2026-07-19 01:32: Train Epoch 20: 340/374 Loss: 0.198450
2026-07-19 01:34: Train Epoch 20: 360/374 Loss: 0.200578
2026-07-19 01:36: **********Train Epoch 20: averaged Loss: 0.222027, tf_ratio: 1.000000
2026-07-19 01:38: **********Val Epoch 20: average Loss: 0.223980
2026-07-19 01:38: Train Epoch 21: 0/374 Loss: 0.212785
2026-07-19 01:41: Train Epoch 21: 20/374 Loss: 0.255586
2026-07-19 01:44: Train Epoch 21: 40/374 Loss: 0.311938
2026-07-19 01:47: Train Epoch 21: 60/374 Loss: 0.228912
2026-07-19 01:50: Train Epoch 21: 80/374 Loss: 0.245139
2026-07-19 01:53: Train Epoch 21: 100/374 Loss: 0.188757
2026-07-19 01:56: Train Epoch 21: 120/374 Loss: 0.174806
2026-07-19 01:59: Train Epoch 21: 140/374 Loss: 0.206202
2026-07-19 02:01: Train Epoch 21: 160/374 Loss: 0.183514
2026-07-19 02:04: Train Epoch 21: 180/374 Loss: 0.235788
2026-07-19 02:07: Train Epoch 21: 200/374 Loss: 0.161765
2026-07-19 02:10: Train Epoch 21: 220/374 Loss: 0.313797
2026-07-19 02:13: Train Epoch 21: 240/374 Loss: 0.189916
2026-07-19 02:16: Train Epoch 21: 260/374 Loss: 0.224626
2026-07-19 02:19: Train Epoch 21: 280/374 Loss: 0.196840
2026-07-19 02:22: Train Epoch 21: 300/374 Loss: 0.241944
2026-07-19 02:25: Train Epoch 21: 320/374 Loss: 0.188522
2026-07-19 06:35: Train Epoch 21: 340/374 Loss: 0.180102
2026-07-19 06:36: Train Epoch 21: 360/374 Loss: 0.208774
2026-07-19 06:37: **********Train Epoch 21: averaged Loss: 0.220761, tf_ratio: 1.000000
2026-07-19 06:38: **********Val Epoch 21: average Loss: 0.222858
2026-07-19 06:38: *********************************Current best model saved!
2026-07-19 06:38: Train Epoch 22: 0/374 Loss: 0.324092
2026-07-19 06:39: Train Epoch 22: 20/374 Loss: 0.243139
2026-07-19 06:40: Train Epoch 22: 40/374 Loss: 0.187423
2026-07-19 06:42: Train Epoch 22: 60/374 Loss: 0.287180
2026-07-19 06:43: Train Epoch 22: 80/374 Loss: 0.212378
2026-07-19 06:45: Train Epoch 22: 100/374 Loss: 0.212977
2026-07-19 06:46: Train Epoch 22: 120/374 Loss: 0.300943
2026-07-19 06:47: Train Epoch 22: 140/374 Loss: 0.247738
2026-07-19 06:49: Train Epoch 22: 160/374 Loss: 0.228659
2026-07-19 06:50: Train Epoch 22: 180/374 Loss: 0.183276
2026-07-19 06:52: Train Epoch 22: 200/374 Loss: 0.241097
2026-07-19 06:53: Train Epoch 22: 220/374 Loss: 0.205383
2026-07-19 06:54: Train Epoch 22: 240/374 Loss: 0.193736
2026-07-19 06:56: Train Epoch 22: 260/374 Loss: 0.240960
2026-07-19 06:57: Train Epoch 22: 280/374 Loss: 0.175492
2026-07-19 06:59: Train Epoch 22: 300/374 Loss: 0.281909
2026-07-19 07:00: Train Epoch 22: 320/374 Loss: 0.247849
2026-07-19 07:02: Train Epoch 22: 340/374 Loss: 0.268520
2026-07-19 07:03: Train Epoch 22: 360/374 Loss: 0.219722
2026-07-19 07:04: **********Train Epoch 22: averaged Loss: 0.220505, tf_ratio: 1.000000
2026-07-19 07:05: **********Val Epoch 22: average Loss: 0.222669
2026-07-19 07:05: *********************************Current best model saved!
2026-07-19 07:05: Train Epoch 23: 0/374 Loss: 0.200267
2026-07-19 07:06: Train Epoch 23: 20/374 Loss: 0.191985
2026-07-19 07:08: Train Epoch 23: 40/374 Loss: 0.240044
2026-07-19 07:09: Train Epoch 23: 60/374 Loss: 0.232217
2026-07-19 07:11: Train Epoch 23: 80/374 Loss: 0.250403
2026-07-19 07:12: Train Epoch 23: 100/374 Loss: 0.199188
2026-07-19 07:14: Train Epoch 23: 120/374 Loss: 0.191972
2026-07-19 07:15: Train Epoch 23: 140/374 Loss: 0.203608
2026-07-19 07:16: Train Epoch 23: 160/374 Loss: 0.166959
2026-07-19 07:18: Train Epoch 23: 180/374 Loss: 0.181238
2026-07-19 07:20: Train Epoch 23: 200/374 Loss: 0.220074
2026-07-19 07:21: Train Epoch 23: 220/374 Loss: 0.239833
2026-07-19 07:23: Train Epoch 23: 240/374 Loss: 0.202702
2026-07-19 07:25: Train Epoch 23: 260/374 Loss: 0.217262
2026-07-19 07:27: Train Epoch 23: 280/374 Loss: 0.246312
2026-07-19 07:29: Train Epoch 23: 300/374 Loss: 0.221689
2026-07-19 07:30: Train Epoch 23: 320/374 Loss: 0.250263
2026-07-19 07:32: Train Epoch 23: 340/374 Loss: 0.221467
2026-07-19 07:34: Train Epoch 23: 360/374 Loss: 0.182202
2026-07-19 07:35: **********Train Epoch 23: averaged Loss: 0.220454, tf_ratio: 1.000000
2026-07-19 07:37: **********Val Epoch 23: average Loss: 0.222634
2026-07-19 07:37: *********************************Current best model saved!
2026-07-19 07:37: Train Epoch 24: 0/374 Loss: 0.350748
2026-07-19 07:39: Train Epoch 24: 20/374 Loss: 0.199798
2026-07-19 07:40: Train Epoch 24: 40/374 Loss: 0.188606
2026-07-19 07:42: Train Epoch 24: 60/374 Loss: 0.185531
2026-07-19 07:44: Train Epoch 24: 80/374 Loss: 0.157304
2026-07-19 07:46: Train Epoch 24: 100/374 Loss: 0.186471
2026-07-19 07:48: Train Epoch 24: 120/374 Loss: 0.149911
2026-07-19 07:50: Train Epoch 24: 140/374 Loss: 0.227184
2026-07-19 07:51: Train Epoch 24: 160/374 Loss: 0.172824
2026-07-19 07:53: Train Epoch 24: 180/374 Loss: 0.253451
2026-07-19 07:55: Train Epoch 24: 200/374 Loss: 0.263736
2026-07-19 07:57: Train Epoch 24: 220/374 Loss: 0.240682
2026-07-19 07:59: Train Epoch 24: 240/374 Loss: 0.179078
2026-07-19 08:01: Train Epoch 24: 260/374 Loss: 0.214104
2026-07-19 08:03: Train Epoch 24: 280/374 Loss: 0.225328
2026-07-19 08:05: Train Epoch 24: 300/374 Loss: 0.218408
2026-07-19 08:07: Train Epoch 24: 320/374 Loss: 0.250368
2026-07-19 08:08: Train Epoch 24: 340/374 Loss: 0.241100
2026-07-19 08:10: Train Epoch 24: 360/374 Loss: 0.227181
2026-07-19 08:11: **********Train Epoch 24: averaged Loss: 0.220376, tf_ratio: 1.000000
2026-07-19 08:13: **********Val Epoch 24: average Loss: 0.222171
2026-07-19 08:13: *********************************Current best model saved!
2026-07-19 08:13: Train Epoch 25: 0/374 Loss: 0.250025
2026-07-19 08:15: Train Epoch 25: 20/374 Loss: 0.172086
2026-07-19 08:17: Train Epoch 25: 40/374 Loss: 0.218408
2026-07-19 08:18: Train Epoch 25: 60/374 Loss: 0.195703
2026-07-19 08:20: Train Epoch 25: 80/374 Loss: 0.232709
2026-07-19 08:22: Train Epoch 25: 100/374 Loss: 0.192401
2026-07-19 08:24: Train Epoch 25: 120/374 Loss: 0.222506
2026-07-19 08:26: Train Epoch 25: 140/374 Loss: 0.191197
2026-07-19 08:28: Train Epoch 25: 160/374 Loss: 0.174609
2026-07-19 08:30: Train Epoch 25: 180/374 Loss: 0.199151
2026-07-19 08:31: Train Epoch 25: 200/374 Loss: 0.196419
2026-07-19 08:33: Train Epoch 25: 220/374 Loss: 0.193640
2026-07-19 08:35: Train Epoch 25: 240/374 Loss: 0.217405
2026-07-19 08:37: Train Epoch 25: 260/374 Loss: 0.218375
2026-07-19 08:39: Train Epoch 25: 280/374 Loss: 0.221370
2026-07-19 08:41: Train Epoch 25: 300/374 Loss: 0.215225
2026-07-19 08:43: Train Epoch 25: 320/374 Loss: 0.217731
2026-07-19 08:44: Train Epoch 25: 340/374 Loss: 0.241044
2026-07-19 08:46: Train Epoch 25: 360/374 Loss: 0.201757
2026-07-19 08:47: **********Train Epoch 25: averaged Loss: 0.220236, tf_ratio: 1.000000
2026-07-19 08:48: **********Val Epoch 25: average Loss: 0.222534
2026-07-19 08:48: Train Epoch 26: 0/374 Loss: 0.225017
2026-07-19 08:49: Train Epoch 26: 20/374 Loss: 0.289464
2026-07-19 08:51: Train Epoch 26: 40/374 Loss: 0.253672
2026-07-19 08:52: Train Epoch 26: 60/374 Loss: 0.222217
2026-07-19 08:54: Train Epoch 26: 80/374 Loss: 0.211127
2026-07-19 08:55: Train Epoch 26: 100/374 Loss: 0.184705
2026-07-19 08:57: Train Epoch 26: 120/374 Loss: 0.181983
2026-07-19 08:58: Train Epoch 26: 140/374 Loss: 0.168657
2026-07-19 08:59: Train Epoch 26: 160/374 Loss: 0.272485
2026-07-19 09:01: Train Epoch 26: 180/374 Loss: 0.164333
2026-07-19 09:02: Train Epoch 26: 200/374 Loss: 0.174221
2026-07-19 09:04: Train Epoch 26: 220/374 Loss: 0.214638
2026-07-19 09:06: Train Epoch 26: 240/374 Loss: 0.240569
2026-07-19 09:08: Train Epoch 26: 260/374 Loss: 0.204825
2026-07-19 09:10: Train Epoch 26: 280/374 Loss: 0.220724
2026-07-19 09:12: Train Epoch 26: 300/374 Loss: 0.212127
2026-07-19 09:14: Train Epoch 26: 320/374 Loss: 0.288060
2026-07-19 09:16: Train Epoch 26: 340/374 Loss: 0.200079
2026-07-19 09:18: Train Epoch 26: 360/374 Loss: 0.183344
2026-07-19 09:19: **********Train Epoch 26: averaged Loss: 0.220063, tf_ratio: 1.000000
2026-07-19 09:21: **********Val Epoch 26: average Loss: 0.221806
2026-07-19 09:21: *********************************Current best model saved!
2026-07-19 09:21: Train Epoch 27: 0/374 Loss: 0.199353
2026-07-19 09:23: Train Epoch 27: 20/374 Loss: 0.212186
2026-07-19 09:25: Train Epoch 27: 40/374 Loss: 0.255305
2026-07-19 09:27: Train Epoch 27: 60/374 Loss: 0.238393
2026-07-19 09:29: Train Epoch 27: 80/374 Loss: 0.210435
2026-07-19 09:31: Train Epoch 27: 100/374 Loss: 0.228026
2026-07-19 09:34: Train Epoch 27: 120/374 Loss: 0.218516
2026-07-19 09:36: Train Epoch 27: 140/374 Loss: 0.173036
2026-07-19 09:38: Train Epoch 27: 160/374 Loss: 0.176247
2026-07-19 09:40: Train Epoch 27: 180/374 Loss: 0.193719
2026-07-19 09:42: Train Epoch 27: 200/374 Loss: 0.228459
2026-07-19 09:44: Train Epoch 27: 220/374 Loss: 0.206128
2026-07-19 09:46: Train Epoch 27: 240/374 Loss: 0.201994
2026-07-19 09:48: Train Epoch 27: 260/374 Loss: 0.235386
2026-07-19 09:50: Train Epoch 27: 280/374 Loss: 0.189500
2026-07-19 09:52: Train Epoch 27: 300/374 Loss: 0.229296
2026-07-19 09:54: Train Epoch 27: 320/374 Loss: 0.221483
2026-07-19 09:56: Train Epoch 27: 340/374 Loss: 0.172013
2026-07-19 09:58: Train Epoch 27: 360/374 Loss: 0.175385
2026-07-19 09:59: **********Train Epoch 27: averaged Loss: 0.219827, tf_ratio: 1.000000
2026-07-19 10:01: **********Val Epoch 27: average Loss: 0.222656
2026-07-19 10:01: Train Epoch 28: 0/374 Loss: 0.228415
2026-07-19 10:03: Train Epoch 28: 20/374 Loss: 0.213667
2026-07-19 10:05: Train Epoch 28: 40/374 Loss: 0.248518
2026-07-19 10:07: Train Epoch 28: 60/374 Loss: 0.206070
2026-07-19 10:09: Train Epoch 28: 80/374 Loss: 0.238522
2026-07-19 10:11: Train Epoch 28: 100/374 Loss: 0.169215
2026-07-19 10:13: Train Epoch 28: 120/374 Loss: 0.252396
2026-07-19 10:15: Train Epoch 28: 140/374 Loss: 0.314766
2026-07-19 10:20: Train Epoch 28: 160/374 Loss: 0.188117
2026-07-19 10:29: Train Epoch 28: 180/374 Loss: 0.229308
2026-07-19 10:34: Train Epoch 28: 200/374 Loss: 0.212947
2026-07-19 10:36: Train Epoch 28: 220/374 Loss: 0.288489
2026-07-19 10:38: Train Epoch 28: 240/374 Loss: 0.215061
2026-07-19 10:40: Train Epoch 28: 260/374 Loss: 0.177780
2026-07-19 10:42: Train Epoch 28: 280/374 Loss: 0.272491
2026-07-19 10:43: Train Epoch 28: 300/374 Loss: 0.201215
2026-07-19 10:45: Train Epoch 28: 320/374 Loss: 0.328810
2026-07-19 10:47: Train Epoch 28: 340/374 Loss: 0.248857
2026-07-19 10:49: Train Epoch 28: 360/374 Loss: 0.251161
2026-07-19 10:50: **********Train Epoch 28: averaged Loss: 0.219778, tf_ratio: 1.000000
2026-07-19 10:51: **********Val Epoch 28: average Loss: 0.222591
2026-07-19 10:51: Train Epoch 29: 0/374 Loss: 0.212716
2026-07-19 10:53: Train Epoch 29: 20/374 Loss: 0.217077
2026-07-19 10:55: Train Epoch 29: 40/374 Loss: 0.207116
2026-07-19 10:57: Train Epoch 29: 60/374 Loss: 0.206406
2026-07-19 10:58: Train Epoch 29: 80/374 Loss: 0.196483
2026-07-19 11:00: Train Epoch 29: 100/374 Loss: 0.161173
2026-07-19 11:02: Train Epoch 29: 120/374 Loss: 0.193872
2026-07-19 11:04: Train Epoch 29: 140/374 Loss: 0.206797
2026-07-19 11:05: Train Epoch 29: 160/374 Loss: 0.285488
2026-07-19 11:07: Train Epoch 29: 180/374 Loss: 0.243247
2026-07-19 11:08: Train Epoch 29: 200/374 Loss: 0.171483
2026-07-19 11:10: Train Epoch 29: 220/374 Loss: 0.211940
2026-07-19 11:11: Train Epoch 29: 240/374 Loss: 0.250593
2026-07-19 11:13: Train Epoch 29: 260/374 Loss: 0.243103
2026-07-19 11:15: Train Epoch 29: 280/374 Loss: 0.262005
2026-07-19 11:16: Train Epoch 29: 300/374 Loss: 0.254976
2026-07-19 11:18: Train Epoch 29: 320/374 Loss: 0.231870
2026-07-19 11:20: Train Epoch 29: 340/374 Loss: 0.192992
2026-07-19 11:22: Train Epoch 29: 360/374 Loss: 0.195997
2026-07-19 11:23: **********Train Epoch 29: averaged Loss: 0.220496, tf_ratio: 1.000000
2026-07-19 11:24: **********Val Epoch 29: average Loss: 0.221683
2026-07-19 11:24: *********************************Current best model saved!
2026-07-19 11:24: Train Epoch 30: 0/374 Loss: 0.196869
2026-07-19 11:26: Train Epoch 30: 20/374 Loss: 0.186040
2026-07-19 11:27: Train Epoch 30: 40/374 Loss: 0.181759
2026-07-19 11:29: Train Epoch 30: 60/374 Loss: 0.287242
2026-07-19 11:30: Train Epoch 30: 80/374 Loss: 0.194748
2026-07-19 11:32: Train Epoch 30: 100/374 Loss: 0.236419
2026-07-19 11:33: Train Epoch 30: 120/374 Loss: 0.209433
2026-07-19 11:35: Train Epoch 30: 140/374 Loss: 0.240462
2026-07-19 11:36: Train Epoch 30: 160/374 Loss: 0.194392
2026-07-19 11:38: Train Epoch 30: 180/374 Loss: 0.240940
2026-07-19 11:39: Train Epoch 30: 200/374 Loss: 0.211363
2026-07-19 11:41: Train Epoch 30: 220/374 Loss: 0.201486
2026-07-19 11:42: Train Epoch 30: 240/374 Loss: 0.187390
2026-07-19 11:44: Train Epoch 30: 260/374 Loss: 0.276060
2026-07-19 11:45: Train Epoch 30: 280/374 Loss: 0.225539
2026-07-19 11:46: Train Epoch 30: 300/374 Loss: 0.191185
2026-07-19 11:48: Train Epoch 30: 320/374 Loss: 0.282143
2026-07-19 11:49: Train Epoch 30: 340/374 Loss: 0.212567
2026-07-19 11:50: Train Epoch 30: 360/374 Loss: 0.229902
2026-07-19 11:51: **********Train Epoch 30: averaged Loss: 0.219904, tf_ratio: 1.000000
2026-07-19 11:52: **********Val Epoch 30: average Loss: 0.221393
2026-07-19 11:52: *********************************Current best model saved!
2026-07-19 11:52: Total training time: 1580.9864min, best loss: 0.221393
2026-07-19 11:52: Saving current best model to C:\Users\samar\traffic-flow-predicition\AHF-STGCN\experiments\METRLA\20260718093150\best_model.pth
2026-07-19 11:54: Horizon 01, MAE: 0.13, RMSE: 0.34, MAPE: 67.8876%, R2: 0.9104
2026-07-19 11:54: Horizon 02, MAE: 0.16, RMSE: 0.42, MAPE: 78.6379%, R2: 0.8602
2026-07-19 11:54: Horizon 03, MAE: 0.19, RMSE: 0.48, MAPE: 83.3886%, R2: 0.8178
2026-07-19 11:54: Horizon 04, MAE: 0.21, RMSE: 0.53, MAPE: 89.0801%, R2: 0.7774
2026-07-19 11:54: Horizon 05, MAE: 0.23, RMSE: 0.58, MAPE: 94.1557%, R2: 0.7372
2026-07-19 11:54: Horizon 06, MAE: 0.25, RMSE: 0.61, MAPE: 98.5620%, R2: 0.7020
2026-07-19 11:54: Horizon 07, MAE: 0.27, RMSE: 0.65, MAPE: 102.4058%, R2: 0.6687
2026-07-19 11:54: Horizon 08, MAE: 0.28, RMSE: 0.68, MAPE: 107.0303%, R2: 0.6357
2026-07-19 11:54: Horizon 09, MAE: 0.30, RMSE: 0.70, MAPE: 109.9669%, R2: 0.6086
2026-07-19 11:54: Horizon 10, MAE: 0.31, RMSE: 0.73, MAPE: 112.6415%, R2: 0.5844
2026-07-19 11:54: Horizon 11, MAE: 0.32, RMSE: 0.75, MAPE: 115.4604%, R2: 0.5607
2026-07-19 11:54: Horizon 12, MAE: 0.34, RMSE: 0.77, MAPE: 119.6571%, R2: 0.5347
2026-07-19 11:54: Average Horizon, MAE: 0.25, RMSE: 0.62, MAPE: 98.2396%, R2: 0.6998
2026-07-19 11:54: Model Parameters: 187212
2026-07-19 11:54: Error exporting results to CSV: [Errno 2] No such file or directory: 'c:\\Users\\student\\paperTest\\results_agcrn.csv'
